INFO:     Will watch for changes in these directories: ['/Users/sanik/Downloads/sahaay/trust_governance_engine']
INFO:     Uvicorn running on http://127.0.0.1:8003 (Press CTRL+C to quit)
INFO:     Started reloader process [32998] using WatchFiles
Process SpawnProcess-1:
Traceback (most recent call last):
  File "/opt/homebrew/Cellar/python@3.14/3.14.3_1/Frameworks/Python.framework/Versions/3.14/lib/python3.14/multiprocessing/process.py", line 320, in _bootstrap
    self.run()
    ~~~~~~~~^^
  File "/opt/homebrew/Cellar/python@3.14/3.14.3_1/Frameworks/Python.framework/Versions/3.14/lib/python3.14/multiprocessing/process.py", line 108, in run
    self._target(*self._args, **self._kwargs)
    ~~~~~~~~~~~~^^^^^^^^^^^^^^^^^^^^^^^^^^^^^
  File "/Users/sanik/Downloads/sahaay/venv/lib/python3.14/site-packages/uvicorn/_subprocess.py", line 80, in subprocess_started
    target(sockets=sockets)
    ~~~~~~^^^^^^^^^^^^^^^^^
  File "/Users/sanik/Downloads/sahaay/venv/lib/python3.14/site-packages/uvicorn/server.py", line 77, in run
    return asyncio_run(self.serve(sockets=sockets), loop_factory=self.config.get_loop_factory())
  File "/opt/homebrew/Cellar/python@3.14/3.14.3_1/Frameworks/Python.framework/Versions/3.14/lib/python3.14/asyncio/runners.py", line 204, in run
    return runner.run(main)
           ~~~~~~~~~~^^^^^^
  File "/opt/homebrew/Cellar/python@3.14/3.14.3_1/Frameworks/Python.framework/Versions/3.14/lib/python3.14/asyncio/runners.py", line 127, in run
    return self._loop.run_until_complete(task)
           ~~~~~~~~~~~~~~~~~~~~~~~~~~~~~^^^^^^
  File "uvloop/loop.pyx", line 1518, in uvloop.loop.Loop.run_until_complete
  File "/Users/sanik/Downloads/sahaay/venv/lib/python3.14/site-packages/uvicorn/server.py", line 81, in serve
    await self._serve(sockets)
  File "/Users/sanik/Downloads/sahaay/venv/lib/python3.14/site-packages/uvicorn/server.py", line 88, in _serve
    config.load()
    ~~~~~~~~~~~^^
  File "/Users/sanik/Downloads/sahaay/venv/lib/python3.14/site-packages/uvicorn/config.py", line 494, in load
    self.loaded_app = self.load_app()
                      ~~~~~~~~~~~~~^^
  File "/Users/sanik/Downloads/sahaay/venv/lib/python3.14/site-packages/uvicorn/config.py", line 428, in load_app
    return import_from_string(self.app)
  File "/Users/sanik/Downloads/sahaay/venv/lib/python3.14/site-packages/uvicorn/importer.py", line 19, in import_from_string
    module = importlib.import_module(module_str)
  File "/opt/homebrew/Cellar/python@3.14/3.14.3_1/Frameworks/Python.framework/Versions/3.14/lib/python3.14/importlib/__init__.py", line 88, in import_module
    return _bootstrap._gcd_import(name[level:], package, level)
           ~~~~~~~~~~~~~~~~~~~~~~^^^^^^^^^^^^^^^^^^^^^^^^^^^^^^
  File "<frozen importlib._bootstrap>", line 1398, in _gcd_import
  File "<frozen importlib._bootstrap>", line 1371, in _find_and_load
  File "<frozen importlib._bootstrap>", line 1342, in _find_and_load_unlocked
  File "<frozen importlib._bootstrap>", line 938, in _load_unlocked
  File "<frozen importlib._bootstrap_external>", line 759, in exec_module
  File "<frozen importlib._bootstrap>", line 491, in _call_with_frames_removed
  File "/Users/sanik/Downloads/sahaay/trust_governance_engine/app.py", line 28, in <module>
    from .api.routes import router
  File "/Users/sanik/Downloads/sahaay/trust_governance_engine/api/routes.py", line 54, in <module>
    from .dependencies import get_db
  File "/Users/sanik/Downloads/sahaay/trust_governance_engine/api/dependencies.py", line 5, in <module>
    from ..db.session import AsyncSessionLocal
  File "/Users/sanik/Downloads/sahaay/trust_governance_engine/db/session.py", line 5, in <module>
    engine = create_async_engine(settings.database_url, echo=False, future=True)
  File "/Users/sanik/Downloads/sahaay/venv/lib/python3.14/site-packages/sqlalchemy/ext/asyncio/engine.py", line 120, in create_async_engine
    sync_engine = _create_engine(url, **kw)
  File "<string>", line 2, in create_engine
  File "/Users/sanik/Downloads/sahaay/venv/lib/python3.14/site-packages/sqlalchemy/util/deprecations.py", line 281, in warned
    return fn(*args, **kwargs)  # type: ignore[no-any-return]
  File "/Users/sanik/Downloads/sahaay/venv/lib/python3.14/site-packages/sqlalchemy/engine/create.py", line 564, in create_engine
    u = _url.make_url(url)
  File "/Users/sanik/Downloads/sahaay/venv/lib/python3.14/site-packages/sqlalchemy/engine/url.py", line 856, in make_url
    return _parse_url(name_or_url)
  File "/Users/sanik/Downloads/sahaay/venv/lib/python3.14/site-packages/sqlalchemy/engine/url.py", line 922, in _parse_url
    raise exc.ArgumentError(
        "Could not parse SQLAlchemy URL from given URL string"
    )
sqlalchemy.exc.ArgumentError: Could not parse SQLAlchemy URL from given URL string
